[wpthemebooster.com/demo/themeforest/html/vacasky/index.html]
[wpthemebooster.com/demo/themeforest/html/vacasky/images/favicon.png]
[backblue.gif]
[fade.gif]
[index.html]
[wpthemebooster.com/demo/themeforest/html/vacasky/index-2.html]
[wpthemebooster.com/demo/themeforest/html/vacasky/index-3.html]
[wpthemebooster.com/demo/themeforest/html/vacasky/index-1.html]
[wpthemebooster.com/demo/themeforest/html/vacasky/index-1-1.html]
[wpthemebooster.com/demo/themeforest/html/vacasky/tour-grid.html]
[wpthemebooster.com/demo/themeforest/html/vacasky/tour-grid-2.html]
[wpthemebooster.com/demo/themeforest/html/vacasky/tour-list.html]
[wpthemebooster.com/demo/themeforest/html/vacasky/tour-list-2.html]
[wpthemebooster.com/demo/themeforest/html/vacasky/tour-details.html]
[wpthemebooster.com/demo/themeforest/html/vacasky/tour-details-2.html]
[wpthemebooster.com/demo/themeforest/html/vacasky/tour-booking.html]
[wpthemebooster.com/demo/themeforest/html/vacasky/hotels.html]
[wpthemebooster.com/demo/themeforest/html/vacasky/hotel-details.html]
[wpthemebooster.com/demo/themeforest/html/vacasky/hotel-booking.html]
[wpthemebooster.com/demo/themeforest/html/vacasky/destination.html]
[wpthemebooster.com/demo/themeforest/html/vacasky/destination-2.html]
[wpthemebooster.com/demo/themeforest/html/vacasky/destination-details.html]
[wpthemebooster.com/demo/themeforest/html/vacasky/about.html]
[wpthemebooster.com/demo/themeforest/html/vacasky/contact.html]
[wpthemebooster.com/demo/themeforest/html/vacasky/login.html]
[wpthemebooster.com/demo/themeforest/html/vacasky/signup.html]
[wpthemebooster.com/demo/themeforest/html/vacasky/blog.html]
[wpthemebooster.com/demo/themeforest/html/vacasky/blog-details.html]
[wpthemebooster.com/demo/themeforest/html/vacasky/dashboard/dashboard-hotel.html]
[wpthemebooster.com/demo/themeforest/html/vacasky/dashboard/account-profile.html]
[wpthemebooster.com/demo/themeforest/html/vacasky/images/main-slider/1.jpg]
[wpthemebooster.com/demo/themeforest/html/vacasky/images/clients/1.png]
[wpthemebooster.com/demo/themeforest/html/vacasky/images/clients/2.png]
[wpthemebooster.com/demo/themeforest/html/vacasky/images/clients/3.png]
[wpthemebooster.com/demo/themeforest/html/vacasky/images/clients/4.png]
[wpthemebooster.com/demo/themeforest/html/vacasky/images/clients/5.png]
[wpthemebooster.com/demo/themeforest/html/vacasky/images/resource/destination-1.jpg]
[wpthemebooster.com/demo/themeforest/html/vacasky/images/resource/destination-2.jpg]
[wpthemebooster.com/demo/themeforest/html/vacasky/images/resource/destination-3.jpg]
[wpthemebooster.com/demo/themeforest/html/vacasky/images/background/19.jpg]
[wpthemebooster.com/demo/themeforest/html/vacasky/images/resource/package-1.jpg]
[wpthemebooster.com/demo/themeforest/html/vacasky/images/resource/package-2.jpg]
[wpthemebooster.com/demo/themeforest/html/vacasky/images/resource/counter.jpg]
[wpthemebooster.com/demo/themeforest/html/vacasky/images/icons/pattern-1.png]
[wpthemebooster.com/demo/themeforest/html/vacasky/images/resource/author-1.jpg]
[wpthemebooster.com/demo/themeforest/html/vacasky/images/background/1.jpg]
[wpthemebooster.com/demo/themeforest/html/vacasky/images/background/20.jpg]
[wpthemebooster.com/demo/themeforest/html/vacasky/images/resource/news-1.jpg]
[wpthemebooster.com/demo/themeforest/html/vacasky/images/resource/author-2.jpg]
[wpthemebooster.com/demo/themeforest/html/vacasky/images/resource/news-2.jpg]
[wpthemebooster.com/demo/themeforest/html/vacasky/images/resource/news-3.jpg]
[wpthemebooster.com/demo/themeforest/html/vacasky/images/background/2.jpg]
[wpthemebooster.com/demo/themeforest/html/vacasky/js/jquery.js]
[wpthemebooster.com/demo/themeforest/html/vacasky/js/popper.min.js]
[wpthemebooster.com/demo/themeforest/html/vacasky/js/bootstrap.min.js]
[wpthemebooster.com/demo/themeforest/html/vacasky/js/magnific-popup.min.js]
[wpthemebooster.com/demo/themeforest/html/vacasky/js/appear.js]
[wpthemebooster.com/demo/themeforest/html/vacasky/js/parallax.min.js]
[wpthemebooster.com/demo/themeforest/html/vacasky/js/tilt.jquery.min.js]
[wpthemebooster.com/demo/themeforest/html/vacasky/js/owl.js]
[wpthemebooster.com/demo/themeforest/html/vacasky/js/swiper.min.js]
[wpthemebooster.com/demo/themeforest/html/vacasky/js/wow.js]
[wpthemebooster.com/demo/themeforest/html/vacasky/js/odometer.js]
[wpthemebooster.com/demo/themeforest/html/vacasky/js/jquery.marquee.min.js]
[wpthemebooster.com/demo/themeforest/html/vacasky/js/parallax-scroll.js]
[wpthemebooster.com/demo/themeforest/html/vacasky/js/nav-tool.js]
[wpthemebooster.com/demo/themeforest/html/vacasky/js/jquery-ui.js]
[wpthemebooster.com/demo/themeforest/html/vacasky/js/select2.min.js]
[wpthemebooster.com/demo/themeforest/html/vacasky/js/flatpickr.min.js]
[wpthemebooster.com/demo/themeforest/html/vacasky/js/price-range.js]
[wpthemebooster.com/demo/themeforest/html/vacasky/js/script.js]
[wpthemebooster.com/demo/themeforest/html/vacasky/index.html]
[wpthemebooster.com/demo/themeforest/html/vacasky/css/style.css]
[wpthemebooster.com/demo/themeforest/html/vacasky/images/logo.svg]
[wpthemebooster.com/demo/themeforest/html/vacasky/images/sticky-logo.svg]
[wpthemebooster.com/demo/themeforest/html/vacasky/images/main-slider/3.jpg]
[wpthemebooster.com/demo/themeforest/html/vacasky/images/resource/location-1.jpg]
[wpthemebooster.com/demo/themeforest/html/vacasky/images/resource/location-2.jpg]
[wpthemebooster.com/demo/themeforest/html/vacasky/images/resource/location-3.jpg]
[wpthemebooster.com/demo/themeforest/html/vacasky/images/resource/location-4.jpg]
[wpthemebooster.com/demo/themeforest/html/vacasky/images/resource/book-1.jpg]
[wpthemebooster.com/demo/themeforest/html/vacasky/images/resource/book-2.jpg]
[wpthemebooster.com/demo/themeforest/html/vacasky/images/background/21.jpg]
[wpthemebooster.com/demo/themeforest/html/vacasky/images/resource/quality.jpg]
[wpthemebooster.com/demo/themeforest/html/vacasky/images/background/map.png]
[wpthemebooster.com/demo/themeforest/html/vacasky/images/resource/author-3.png]
[wpthemebooster.com/demo/themeforest/html/vacasky/images/resource/author-4.png]
[wpthemebooster.com/demo/themeforest/html/vacasky/images/resource/author-5.png]
[wpthemebooster.com/demo/themeforest/html/vacasky/images/resource/author-6.png]
[wpthemebooster.com/demo/themeforest/html/vacasky/images/gallery/1.jpg]
[wpthemebooster.com/demo/themeforest/html/vacasky/images/gallery/2.jpg]
[wpthemebooster.com/demo/themeforest/html/vacasky/images/gallery/3.jpg]
[wpthemebooster.com/demo/themeforest/html/vacasky/images/gallery/5.jpg]
[wpthemebooster.com/demo/themeforest/html/vacasky/images/gallery/4.jpg]
[wpthemebooster.com/demo/themeforest/html/vacasky/images/background/3.jpg]
[wpthemebooster.com/demo/themeforest/html/vacasky/images/resource/news-4.jpg]
[wpthemebooster.com/demo/themeforest/html/vacasky/images/resource/news-5.jpg]
[wpthemebooster.com/demo/themeforest/html/vacasky/images/resource/news-6.jpg]
[wpthemebooster.com/demo/themeforest/html/vacasky/images/icons/pattern-2.png]
[wpthemebooster.com/demo/themeforest/html/vacasky/images/clients/6.png]
[wpthemebooster.com/demo/themeforest/html/vacasky/images/clients/7.png]
[wpthemebooster.com/demo/themeforest/html/vacasky/images/clients/8.png]
[wpthemebooster.com/demo/themeforest/html/vacasky/images/clients/9.png]
[wpthemebooster.com/demo/themeforest/html/vacasky/images/clients/10.png]
[wpthemebooster.com/demo/themeforest/html/vacasky/js/isotope.js]
[wpthemebooster.com/demo/themeforest/html/vacasky/js/mixitup.js]
[wpthemebooster.com/demo/themeforest/html/vacasky/index-2.html]
[wpthemebooster.com/demo/themeforest/html/vacasky/images/main-slider/4.jpg]
[wpthemebooster.com/demo/themeforest/html/vacasky/images/main-slider/5.jpg]
[wpthemebooster.com/demo/themeforest/html/vacasky/images/main-slider/6.jpg]
[wpthemebooster.com/demo/themeforest/html/vacasky/images/resource/about.jpg]
[wpthemebooster.com/demo/themeforest/html/vacasky/images/resource/trip-1.jpg]
[wpthemebooster.com/demo/themeforest/html/vacasky/images/resource/trip-2.jpg]
[wpthemebooster.com/demo/themeforest/html/vacasky/images/resource/trip-3.jpg]
[wpthemebooster.com/demo/themeforest/html/vacasky/images/resource/trip-4.jpg]
[wpthemebooster.com/demo/themeforest/html/vacasky/images/background/4.jpg]
[wpthemebooster.com/demo/themeforest/html/vacasky/images/resource/process.jpg]
[wpthemebooster.com/demo/themeforest/html/vacasky/images/gallery/6.jpg]
[wpthemebooster.com/demo/themeforest/html/vacasky/images/gallery/7.jpg]
[wpthemebooster.com/demo/themeforest/html/vacasky/images/gallery/8.jpg]
[wpthemebooster.com/demo/themeforest/html/vacasky/images/gallery/9.jpg]
[wpthemebooster.com/demo/themeforest/html/vacasky/images/gallery/10.jpg]
[wpthemebooster.com/demo/themeforest/html/vacasky/images/resource/testimonial.jpg]
[wpthemebooster.com/demo/themeforest/html/vacasky/images/resource/news-7.jpg]
[wpthemebooster.com/demo/themeforest/html/vacasky/images/resource/news-8.jpg]
[wpthemebooster.com/demo/themeforest/html/vacasky/index-3.html]
[wpthemebooster.com/demo/themeforest/html/vacasky/video/1.mp4]
[wpthemebooster.com/demo/themeforest/html/vacasky/index-1.html]
[wpthemebooster.com/demo/themeforest/html/vacasky/images/main-slider/2.jpg]
[wpthemebooster.com/demo/themeforest/html/vacasky/index-1-1.html]
[wpthemebooster.com/demo/themeforest/html/vacasky/images/background/7.jpg]
[wpthemebooster.com/demo/themeforest/html/vacasky/images/gallery/25.jpg]
[wpthemebooster.com/demo/themeforest/html/vacasky/images/gallery/26.jpg]
[wpthemebooster.com/demo/themeforest/html/vacasky/images/gallery/27.jpg]
[wpthemebooster.com/demo/themeforest/html/vacasky/images/gallery/28.jpg]
[wpthemebooster.com/demo/themeforest/html/vacasky/images/gallery/29.jpg]
[wpthemebooster.com/demo/themeforest/html/vacasky/images/gallery/30.jpg]
[wpthemebooster.com/demo/themeforest/html/vacasky/images/gallery/31.jpg]
[wpthemebooster.com/demo/themeforest/html/vacasky/images/gallery/32.jpg]
[wpthemebooster.com/demo/themeforest/html/vacasky/images/gallery/33.jpg]
[wpthemebooster.com/demo/themeforest/html/vacasky/tour-grid.html]
[wpthemebooster.com/demo/themeforest/html/vacasky/tour-grid-2.html]
[wpthemebooster.com/demo/themeforest/html/vacasky/images/background/8.jpg]
[wpthemebooster.com/demo/themeforest/html/vacasky/images/resource/tour-1.jpg]
[wpthemebooster.com/demo/themeforest/html/vacasky/images/resource/tour-2.jpg]
[wpthemebooster.com/demo/themeforest/html/vacasky/images/resource/tour-3.jpg]
[wpthemebooster.com/demo/themeforest/html/vacasky/images/resource/tour-4.jpg]
[wpthemebooster.com/demo/themeforest/html/vacasky/images/resource/tour-5.jpg]
[wpthemebooster.com/demo/themeforest/html/vacasky/images/resource/tour-6.jpg]
[wpthemebooster.com/demo/themeforest/html/vacasky/images/resource/tour-7.jpg]
[wpthemebooster.com/demo/themeforest/html/vacasky/images/resource/tour-8.jpg]
[wpthemebooster.com/demo/themeforest/html/vacasky/tour-list.html]
[wpthemebooster.com/demo/themeforest/html/vacasky/tour-list-2.html]
[wpthemebooster.com/demo/themeforest/html/vacasky/images/background/9.jpg]
[wpthemebooster.com/demo/themeforest/html/vacasky/images/gallery/34.jpg]
[wpthemebooster.com/demo/themeforest/html/vacasky/images/gallery/35.jpg]
[wpthemebooster.com/demo/themeforest/html/vacasky/images/gallery/36.jpg]
[wpthemebooster.com/demo/themeforest/html/vacasky/images/background/adventure.jpg]
[wpthemebooster.com/demo/themeforest/html/vacasky/images/resource/itinerary-1.jpg]
[wpthemebooster.com/demo/themeforest/html/vacasky/images/resource/itinerary-2.jpg]
[wpthemebooster.com/demo/themeforest/html/vacasky/images/resource/itinerary-3.jpg]
[wpthemebooster.com/demo/themeforest/html/vacasky/tour-details.html]
[wpthemebooster.com/demo/themeforest/html/vacasky/images/background/15.jpg]
[wpthemebooster.com/demo/themeforest/html/vacasky/images/gallery/37.jpg]
[wpthemebooster.com/demo/themeforest/html/vacasky/images/gallery/38.jpg]
[wpthemebooster.com/demo/themeforest/html/vacasky/images/gallery/39.jpg]
[wpthemebooster.com/demo/themeforest/html/vacasky/images/gallery/40.jpg]
[wpthemebooster.com/demo/themeforest/html/vacasky/images/gallery/41.jpg]
[wpthemebooster.com/demo/themeforest/html/vacasky/images/resource/accordion.jpg]
[wpthemebooster.com/demo/themeforest/html/vacasky/images/resource/author-8.jpg]
[wpthemebooster.com/demo/themeforest/html/vacasky/images/resource/author-7.jpg]
[wpthemebooster.com/demo/themeforest/html/vacasky/tour-details-2.html]
[wpthemebooster.com/demo/themeforest/html/vacasky/images/background/10.jpg]
[wpthemebooster.com/demo/themeforest/html/vacasky/images/gallery/52.jpg]
[wpthemebooster.com/demo/themeforest/html/vacasky/js/cleave.min.js]
[wpthemebooster.com/demo/themeforest/html/vacasky/js/cleave-custom.js]
[wpthemebooster.com/demo/themeforest/html/vacasky/tour-booking.html]
[wpthemebooster.com/demo/themeforest/html/vacasky/images/background/16.jpg]
[wpthemebooster.com/demo/themeforest/html/vacasky/images/resource/hotel-1.jpg]
[wpthemebooster.com/demo/themeforest/html/vacasky/images/resource/hotel-2.jpg]
[wpthemebooster.com/demo/themeforest/html/vacasky/images/resource/hotel-3.jpg]
[wpthemebooster.com/demo/themeforest/html/vacasky/images/resource/hotel-4.jpg]
[wpthemebooster.com/demo/themeforest/html/vacasky/images/resource/promo.jpg]
[wpthemebooster.com/demo/themeforest/html/vacasky/images/resource/promo-1.jpg]
[wpthemebooster.com/demo/themeforest/html/vacasky/images/gallery/42.jpg]
[wpthemebooster.com/demo/themeforest/html/vacasky/images/gallery/43.jpg]
[wpthemebooster.com/demo/themeforest/html/vacasky/images/gallery/44.jpg]
[wpthemebooster.com/demo/themeforest/html/vacasky/images/gallery/45.jpg]
[wpthemebooster.com/demo/themeforest/html/vacasky/images/gallery/46.jpg]
[wpthemebooster.com/demo/themeforest/html/vacasky/images/gallery/47.jpg]
[wpthemebooster.com/demo/themeforest/html/vacasky/images/clients/11.png]
[wpthemebooster.com/demo/themeforest/html/vacasky/images/clients/12.png]
[wpthemebooster.com/demo/themeforest/html/vacasky/images/clients/13.png]
[wpthemebooster.com/demo/themeforest/html/vacasky/images/clients/14.png]
[wpthemebooster.com/demo/themeforest/html/vacasky/images/clients/15.png]
[wpthemebooster.com/demo/themeforest/html/vacasky/hotels.html]
[wpthemebooster.com/demo/themeforest/html/vacasky/images/background/17.jpg]
[wpthemebooster.com/demo/themeforest/html/vacasky/images/gallery/48.jpg]
[wpthemebooster.com/demo/themeforest/html/vacasky/images/gallery/49.jpg]
[wpthemebooster.com/demo/themeforest/html/vacasky/images/gallery/50.jpg]
[wpthemebooster.com/demo/themeforest/html/vacasky/images/gallery/51.jpg]
[wpthemebooster.com/demo/themeforest/html/vacasky/images/icons/hotel-icon-1.png]
[wpthemebooster.com/demo/themeforest/html/vacasky/images/icons/hotel-icon-2.png]
[wpthemebooster.com/demo/themeforest/html/vacasky/images/icons/hotel-icon-3.png]
[wpthemebooster.com/demo/themeforest/html/vacasky/images/icons/hotel-icon-4.png]
[wpthemebooster.com/demo/themeforest/html/vacasky/images/icons/hotel-icon-5.png]
[wpthemebooster.com/demo/themeforest/html/vacasky/images/icons/hotel-icon-6.png]
[wpthemebooster.com/demo/themeforest/html/vacasky/images/icons/hotel-icon-7.png]
[wpthemebooster.com/demo/themeforest/html/vacasky/images/icons/hotel-icon-8.png]
[wpthemebooster.com/demo/themeforest/html/vacasky/images/icons/hotel-icon-9.png]
[wpthemebooster.com/demo/themeforest/html/vacasky/images/icons/hotel-icon-10.png]
[wpthemebooster.com/demo/themeforest/html/vacasky/images/resource/hotel-5.jpg]
[wpthemebooster.com/demo/themeforest/html/vacasky/images/gallery/53.jpg]
[wpthemebooster.com/demo/themeforest/html/vacasky/images/gallery/54.jpg]
[wpthemebooster.com/demo/themeforest/html/vacasky/images/gallery/55.jpg]
[wpthemebooster.com/demo/themeforest/html/vacasky/images/gallery/56.jpg]
[wpthemebooster.com/demo/themeforest/html/vacasky/images/icons/hotel-icon-11.png]
[wpthemebooster.com/demo/themeforest/html/vacasky/images/icons/hotel-icon-12.png]
[wpthemebooster.com/demo/themeforest/html/vacasky/images/icons/hotel-icon-13.png]
[wpthemebooster.com/demo/themeforest/html/vacasky/images/resource/author-9.jpg]
[wpthemebooster.com/demo/themeforest/html/vacasky/images/icons/pattern-3.png]
[wpthemebooster.com/demo/themeforest/html/vacasky/images/resource/author-10.jpg]
[wpthemebooster.com/demo/themeforest/html/vacasky/images/resource/hotel-6.jpg]
[wpthemebooster.com/demo/themeforest/html/vacasky/images/resource/hotel-7.jpg]
[wpthemebooster.com/demo/themeforest/html/vacasky/images/resource/hotel-8.jpg]
[wpthemebooster.com/demo/themeforest/html/vacasky/hotel-details.html]
[wpthemebooster.com/demo/themeforest/html/vacasky/hotel-booking.html]
[wpthemebooster.com/demo/themeforest/html/vacasky/images/background/5.jpg]
[wpthemebooster.com/demo/themeforest/html/vacasky/images/gallery/11.jpg]
[wpthemebooster.com/demo/themeforest/html/vacasky/images/gallery/12.jpg]
[wpthemebooster.com/demo/themeforest/html/vacasky/images/gallery/13.jpg]
[wpthemebooster.com/demo/themeforest/html/vacasky/images/gallery/14.jpg]
[wpthemebooster.com/demo/themeforest/html/vacasky/images/gallery/15.jpg]
[wpthemebooster.com/demo/themeforest/html/vacasky/images/gallery/16.jpg]
[wpthemebooster.com/demo/themeforest/html/vacasky/images/gallery/19.jpg]
[wpthemebooster.com/demo/themeforest/html/vacasky/images/gallery/17.jpg]
[wpthemebooster.com/demo/themeforest/html/vacasky/images/gallery/18.jpg]
[wpthemebooster.com/demo/themeforest/html/vacasky/images/gallery/21.jpg]
[wpthemebooster.com/demo/themeforest/html/vacasky/images/gallery/20.jpg]
[wpthemebooster.com/demo/themeforest/html/vacasky/destination.html]
[wpthemebooster.com/demo/themeforest/html/vacasky/images/background/18.jpg]
[wpthemebooster.com/demo/themeforest/html/vacasky/images/resource/destination-4.jpg]
[wpthemebooster.com/demo/themeforest/html/vacasky/images/resource/destination-5.jpg]
[wpthemebooster.com/demo/themeforest/html/vacasky/images/resource/destination-6.jpg]
[wpthemebooster.com/demo/themeforest/html/vacasky/images/resource/destination-7.jpg]
[wpthemebooster.com/demo/themeforest/html/vacasky/destination-2.html]
[wpthemebooster.com/demo/themeforest/html/vacasky/images/background/6.jpg]
[wpthemebooster.com/demo/themeforest/html/vacasky/images/gallery/22.jpg]
[wpthemebooster.com/demo/themeforest/html/vacasky/images/gallery/23.jpg]
[wpthemebooster.com/demo/themeforest/html/vacasky/images/gallery/24.jpg]
[wpthemebooster.com/demo/themeforest/html/vacasky/images/background/23.jpg]
[wpthemebooster.com/demo/themeforest/html/vacasky/destination-details.html]
[wpthemebooster.com/demo/themeforest/html/vacasky/images/background/14.jpg]
[wpthemebooster.com/demo/themeforest/html/vacasky/images/resource/trip-6.jpg]
[wpthemebooster.com/demo/themeforest/html/vacasky/images/resource/trip-5.jpg]
[wpthemebooster.com/demo/themeforest/html/vacasky/images/resource/trip-8.jpg]
[wpthemebooster.com/demo/themeforest/html/vacasky/images/resource/trip-7.jpg]
[wpthemebooster.com/demo/themeforest/html/vacasky/images/resource/team-1.jpg]
[wpthemebooster.com/demo/themeforest/html/vacasky/images/resource/team-2.jpg]
[wpthemebooster.com/demo/themeforest/html/vacasky/images/resource/team-3.jpg]
[wpthemebooster.com/demo/themeforest/html/vacasky/images/resource/team-4.jpg]
[wpthemebooster.com/demo/themeforest/html/vacasky/images/resource/team-5.jpg]
[wpthemebooster.com/demo/themeforest/html/vacasky/images/resource/team-6.jpg]
[wpthemebooster.com/demo/themeforest/html/vacasky/about.html]
[wpthemebooster.com/demo/themeforest/html/vacasky/contact.html]
[wpthemebooster.com/demo/themeforest/html/vacasky/login.html]
[wpthemebooster.com/demo/themeforest/html/vacasky/signup.html]
[wpthemebooster.com/demo/themeforest/html/vacasky/images/background/12.jpg]
[wpthemebooster.com/demo/themeforest/html/vacasky/images/resource/post-thumb-1.jpg]
[wpthemebooster.com/demo/themeforest/html/vacasky/images/resource/post-thumb-2.jpg]
[wpthemebooster.com/demo/themeforest/html/vacasky/images/resource/post-thumb-3.jpg]
[wpthemebooster.com/demo/themeforest/html/vacasky/images/resource/post-thumb-4.jpg]
[wpthemebooster.com/demo/themeforest/html/vacasky/images/resource/news-9.jpg]
[wpthemebooster.com/demo/themeforest/html/vacasky/images/resource/news-10.jpg]
[wpthemebooster.com/demo/themeforest/html/vacasky/images/resource/news-11.jpg]
[wpthemebooster.com/demo/themeforest/html/vacasky/images/resource/news-12.jpg]
[wpthemebooster.com/demo/themeforest/html/vacasky/images/resource/news-13.jpg]
[wpthemebooster.com/demo/themeforest/html/vacasky/blog.html]
[wpthemebooster.com/demo/themeforest/html/vacasky/images/background/13.jpg]
[wpthemebooster.com/demo/themeforest/html/vacasky/images/resource/news-14.jpg]
[wpthemebooster.com/demo/themeforest/html/vacasky/images/resource/news-15.jpg]
[wpthemebooster.com/demo/themeforest/html/vacasky/images/resource/news-16.jpg]
[wpthemebooster.com/demo/themeforest/html/vacasky/blog-details.html]
[wpthemebooster.com/demo/themeforest/html/vacasky/dashboard/assets/img/favicon.png]
[wpthemebooster.com/demo/themeforest/html/vacasky/dashboard/assets/img/nav_author.jpg]
[wpthemebooster.com/demo/themeforest/html/vacasky/dashboard/login.html]
[wpthemebooster.com/demo/themeforest/html/vacasky/dashboard/dashboard-tour.html]
[wpthemebooster.com/demo/themeforest/html/vacasky/dashboard/hotel-list.html]
[wpthemebooster.com/demo/themeforest/html/vacasky/dashboard/hotel-booking-details.html]
[wpthemebooster.com/demo/themeforest/html/vacasky/dashboard/tour-list.html]
[wpthemebooster.com/demo/themeforest/html/vacasky/dashboard/tour-package-details.html]
[wpthemebooster.com/demo/themeforest/html/vacasky/dashboard/invoices-list.html]
[wpthemebooster.com/demo/themeforest/html/vacasky/dashboard/invoice-details.html]
[wpthemebooster.com/demo/themeforest/html/vacasky/dashboard/assets/img/hotels/1.jpg]
[wpthemebooster.com/demo/themeforest/html/vacasky/dashboard/assets/img/hotels/2.jpg]
[wpthemebooster.com/demo/themeforest/html/vacasky/dashboard/assets/img/hotels/3.jpg]
[wpthemebooster.com/demo/themeforest/html/vacasky/dashboard/assets/img/hotels/4.jpg]
[wpthemebooster.com/demo/themeforest/html/vacasky/dashboard/assets/img/hotels/5.jpg]
[wpthemebooster.com/demo/themeforest/html/vacasky/dashboard/assets/img/hotels/6.jpg]
[wpthemebooster.com/demo/themeforest/html/vacasky/dashboard/assets/img/hotels/7.jpg]
[wpthemebooster.com/demo/themeforest/html/vacasky/dashboard/assets/img/hotels/8.jpg]
[wpthemebooster.com/demo/themeforest/html/vacasky/dashboard/assets/img/hotels/9.jpg]
[wpthemebooster.com/demo/themeforest/html/vacasky/dashboard/assets/img/hotels/10.jpg]
[wpthemebooster.com/demo/themeforest/html/vacasky/dashboard/assets/img/hotels/11.jpg]
[wpthemebooster.com/demo/themeforest/html/vacasky/dashboard/assets/img/hotels/12.jpg]
[wpthemebooster.com/demo/themeforest/html/vacasky/dashboard/assets/img/2.jpg]
[wpthemebooster.com/demo/themeforest/html/vacasky/dashboard/assets/img/1.jpg]
[wpthemebooster.com/demo/themeforest/html/vacasky/dashboard/assets/img/5.jpg]
[wpthemebooster.com/demo/themeforest/html/vacasky/dashboard/assets/img/4.jpg]
[wpthemebooster.com/demo/themeforest/html/vacasky/dashboard/assets/img/7.jpg]
[wpthemebooster.com/demo/themeforest/html/vacasky/dashboard/assets/js/jquery-3.6.0.min.js]
[wpthemebooster.com/demo/themeforest/html/vacasky/dashboard/assets/js/bootstrap.bundle.min.js]
[wpthemebooster.com/demo/themeforest/html/vacasky/dashboard/plugins/apexchart/apexcharts.min.js]
[wpthemebooster.com/demo/themeforest/html/vacasky/dashboard/plugins/apexchart/apexchart-inits/apexcharts-hotel.js]
[wpthemebooster.com/demo/themeforest/html/vacasky/dashboard/plugins/datatables/js/jquery.dataTables.min.js]
[wpthemebooster.com/demo/themeforest/html/vacasky/dashboard/plugins/datatables/js/datatables.init.js]
[wpthemebooster.com/demo/themeforest/html/vacasky/dashboard/plugins/flatpickr/flatpickr.min.js]
[wpthemebooster.com/demo/themeforest/html/vacasky/dashboard/assets/js/theme.js]
[wpthemebooster.com/demo/themeforest/html/vacasky/dashboard/dashboard-hotel.html]
[wpthemebooster.com/demo/themeforest/html/vacasky/dashboard/assets/img/admin.jpg]
[wpthemebooster.com/demo/themeforest/html/vacasky/dashboard/account-bookings.html]
[wpthemebooster.com/demo/themeforest/html/vacasky/dashboard/account-profile-edit.html]
[wpthemebooster.com/demo/themeforest/html/vacasky/dashboard/account-wishlist.html]
[wpthemebooster.com/demo/themeforest/html/vacasky/dashboard/account-payment-details.html]
[wpthemebooster.com/demo/themeforest/html/vacasky/dashboard/register.html]
[wpthemebooster.com/demo/themeforest/html/vacasky/dashboard/assets/img/cover-photo.jpg]
[wpthemebooster.com/demo/themeforest/html/vacasky/dashboard/account-profile.html]
[wpthemebooster.com/demo/themeforest/html/vacasky/css/bootstrap.css]
[wpthemebooster.com/demo/themeforest/html/vacasky/images/icons/preloader.gif]
[wpthemebooster.com/demo/themeforest/html/vacasky/css/global.css]
[wpthemebooster.com/demo/themeforest/html/vacasky/css/header.css]
[wpthemebooster.com/demo/themeforest/html/vacasky/css/footer.css]
[wpthemebooster.com/demo/themeforest/html/vacasky/css/sidebar.css]
[wpthemebooster.com/demo/themeforest/html/vacasky/css/icofont.css]
[wpthemebooster.com/demo/themeforest/html/vacasky/fonts/fa-brands-400.ttf]
[wpthemebooster.com/demo/themeforest/html/vacasky/fonts/fa-light-300.ttf]
[wpthemebooster.com/demo/themeforest/html/vacasky/fonts/fa-regular-400.ttf]
[wpthemebooster.com/demo/themeforest/html/vacasky/fonts/fa-solid-900.ttf]
[wpthemebooster.com/demo/themeforest/html/vacasky/css/font-awesome.css]
[wpthemebooster.com/demo/themeforest/html/vacasky/fonts/flaticon_sky-flat.eot]
[wpthemebooster.com/demo/themeforest/html/vacasky/fonts/flaticon_sky-flatd41d.eot]
[wpthemebooster.com/demo/themeforest/html/vacasky/fonts/flaticon_sky-flat.woff]
[wpthemebooster.com/demo/themeforest/html/vacasky/fonts/flaticon_sky-flat.ttf]
[wpthemebooster.com/demo/themeforest/html/vacasky/css/flaticon_sky-flat.css]
[wpthemebooster.com/demo/themeforest/html/vacasky/css/animate.css]
[wpthemebooster.com/demo/themeforest/html/vacasky/images/cross-out.png]
[wpthemebooster.com/demo/themeforest/html/vacasky/css/owl.css]
[wpthemebooster.com/demo/themeforest/html/vacasky/css/swiper.min.css]
[wpthemebooster.com/demo/themeforest/html/vacasky/images/ui-icons.png]
[wpthemebooster.com/demo/themeforest/html/vacasky/css/jquery-ui.css]
[wpthemebooster.com/demo/themeforest/html/vacasky/css/preloader.css]
[wpthemebooster.com/demo/themeforest/html/vacasky/css/custom-animate.css]
[wpthemebooster.com/demo/themeforest/html/vacasky/css/magnific-popup.css]
[wpthemebooster.com/demo/themeforest/html/vacasky/css/odometer-theme-default.css]
[wpthemebooster.com/demo/themeforest/html/vacasky/css/select2.css]
[wpthemebooster.com/demo/themeforest/html/vacasky/css/flatpickr.css]
[wpthemebooster.com/demo/themeforest/html/vacasky/images/icons/line.png]
[wpthemebooster.com/demo/themeforest/html/vacasky/images/icons/line-1.png]
[wpthemebooster.com/demo/themeforest/html/vacasky/css/custom.css]
[wpthemebooster.com/demo/themeforest/html/vacasky/css/responsive.css]
[wpthemebooster.com/demo/themeforest/html/vacasky/images/footer-logo-2.svg]
[wpthemebooster.com/demo/themeforest/html/vacasky/images/logo-2.svg]
[wpthemebooster.com/demo/themeforest/html/vacasky/images/footer-logo-3.svg]
[wpthemebooster.com/demo/themeforest/html/vacasky/dashboard/assets/css/main.css]
[wpthemebooster.com/demo/themeforest/html/vacasky/dashboard/assets/img/svg/search.svg]
[wpthemebooster.com/demo/themeforest/html/vacasky/dashboard/assets/img/svg/bell.svg]
[wpthemebooster.com/demo/themeforest/html/vacasky/dashboard/profile.html]
[wpthemebooster.com/demo/themeforest/html/vacasky/dashboard/email.html]
[wpthemebooster.com/demo/themeforest/html/vacasky/dashboard/forgot-password.html]
[wpthemebooster.com/demo/themeforest/html/vacasky/dashboard/login.html]
[wpthemebooster.com/demo/themeforest/html/vacasky/dashboard/assets/img/footer-logo-2.svg]
[wpthemebooster.com/demo/themeforest/html/vacasky/dashboard/assets/img/tours/1.jpg]
[wpthemebooster.com/demo/themeforest/html/vacasky/dashboard/assets/img/tours/2.jpg]
[wpthemebooster.com/demo/themeforest/html/vacasky/dashboard/assets/img/tours/3.jpg]
[wpthemebooster.com/demo/themeforest/html/vacasky/dashboard/assets/img/tours/4.jpg]
[wpthemebooster.com/demo/themeforest/html/vacasky/dashboard/assets/img/svg/flags/it.jpg]
[wpthemebooster.com/demo/themeforest/html/vacasky/dashboard/assets/img/svg/flags/au.jpg]
[wpthemebooster.com/demo/themeforest/html/vacasky/dashboard/assets/img/svg/flags/ice.jpg]
[wpthemebooster.com/demo/themeforest/html/vacasky/dashboard/plugins/apexchart/apexchart-inits/apexcharts-tour.js]
[wpthemebooster.com/demo/themeforest/html/vacasky/dashboard/dashboard-tour.html]
[wpthemebooster.com/demo/themeforest/html/vacasky/dashboard/hotel-list.html]
[wpthemebooster.com/demo/themeforest/html/vacasky/dashboard/assets/img/hotels/13.jpg]
[wpthemebooster.com/demo/themeforest/html/vacasky/dashboard/assets/img/hotels/14.jpg]
[wpthemebooster.com/demo/themeforest/html/vacasky/dashboard/assets/img/hotels/15.jpg]
[wpthemebooster.com/demo/themeforest/html/vacasky/dashboard/assets/img/3.jpg]
[wpthemebooster.com/demo/themeforest/html/vacasky/dashboard/hotel-booking-details.html]
[wpthemebooster.com/demo/themeforest/html/vacasky/dashboard/tour-list.html]
[wpthemebooster.com/demo/themeforest/html/vacasky/dashboard/assets/img/tours/5.jpg]
[wpthemebooster.com/demo/themeforest/html/vacasky/dashboard/assets/img/tours/6.jpg]
[wpthemebooster.com/demo/themeforest/html/vacasky/dashboard/assets/img/tours/7.jpg]
[wpthemebooster.com/demo/themeforest/html/vacasky/dashboard/tour-package-details.html]
[wpthemebooster.com/demo/themeforest/html/vacasky/dashboard/invoices-list.html]
[wpthemebooster.com/demo/themeforest/html/vacasky/dashboard/assets/img/vacasky-invoice.pdf]
[wpthemebooster.com/demo/themeforest/html/vacasky/dashboard/invoice-details.html]
[wpthemebooster.com/demo/themeforest/html/vacasky/dashboard/plugins/cleave/cleave.min.js]
[wpthemebooster.com/demo/themeforest/html/vacasky/dashboard/plugins/cleave/cleave-custom.js]
[wpthemebooster.com/demo/themeforest/html/vacasky/dashboard/account-bookings.html]
[wpthemebooster.com/demo/themeforest/html/vacasky/dashboard/account-profile-edit.html]
[wpthemebooster.com/demo/themeforest/html/vacasky/dashboard/account-wishlist.html]
[wpthemebooster.com/demo/themeforest/html/vacasky/dashboard/account-payment-details.html]
[wpthemebooster.com/demo/themeforest/html/vacasky/dashboard/register.html]
[wpthemebooster.com/demo/themeforest/html/vacasky/dashboard/plugins/jquery-repeater/jquery.repeater.html]
[wpthemebooster.com/demo/themeforest/html/vacasky/fonts/icofont.html]
[wpthemebooster.com/demo/themeforest/html/vacasky/fonts/icofont-2.html]
[wpthemebooster.com/demo/themeforest/html/vacasky/fonts/flaticon_sky-flat.svg]
[wpthemebooster.com/demo/themeforest/html/vacasky/css/owl.video.play.html]
[wpthemebooster.com/demo/themeforest/html/vacasky/css/images/ui-icons_777620_256x240.html]
[wpthemebooster.com/demo/themeforest/html/vacasky/css/images/ui-icons_cc0000_256x240.html]
[wpthemebooster.com/demo/themeforest/html/vacasky/dashboard/assets/font-icons/bootstrap-icons/font/fonts/bootstrap-iconsafdf.woff2]
[wpthemebooster.com/demo/themeforest/html/vacasky/dashboard/assets/font-icons/bootstrap-icons/font/fonts/bootstrap-iconsafdf.woff]
[wpthemebooster.com/demo/themeforest/html/vacasky/dashboard/assets/font-icons/bootstrap-icons/font/bootstrap-icons.css]
[wpthemebooster.com/demo/themeforest/html/vacasky/dashboard/plugins/datatables/images/sort_both.png]
[wpthemebooster.com/demo/themeforest/html/vacasky/dashboard/plugins/datatables/images/sort_asc.png]
[wpthemebooster.com/demo/themeforest/html/vacasky/dashboard/plugins/datatables/images/sort_desc.png]
[wpthemebooster.com/demo/themeforest/html/vacasky/dashboard/plugins/datatables/images/sort_asc_disabled.png]
[wpthemebooster.com/demo/themeforest/html/vacasky/dashboard/plugins/datatables/images/sort_desc_disabled.png]
[wpthemebooster.com/demo/themeforest/html/vacasky/dashboard/plugins/datatables/css/jquery.dataTables.min.css]
[wpthemebooster.com/demo/themeforest/html/vacasky/dashboard/plugins/flatpickr/flatpickr.css]
[wpthemebooster.com/demo/themeforest/html/vacasky/dashboard/assets/img/svg/bed.svg]
[wpthemebooster.com/demo/themeforest/html/vacasky/dashboard/forgot-password.html]
[wpthemebooster.com/demo/themeforest/html/vacasky/dashboard/assets/img/svg/space.svg]
[wpthemebooster.com/demo/themeforest/html/vacasky/dashboard/assets/img/svg/bed-lg.svg]
[wpthemebooster.com/demo/themeforest/html/vacasky/dashboard/assets/img/svg/people.svg]
[wpthemebooster.com/demo/themeforest/html/vacasky/dashboard/invoice-new.html]
[wpthemebooster.com/demo/themeforest/html/vacasky/dashboard/assets/img/svg/google-icon.svg]
[wpthemebooster.com/demo/themeforest/html/vacasky/dashboard/assets/img/svg/facebook-icon.svg]
